[+] Containers:
 |- [+] Container: /Game/Levels/MenuLevel
 |   |- [+] ActorDescs:
 |   |   |- Guid:03920DF94EEFC9F86CC66185D32A3DA1 BaseClass: NativeClass:/Script/Engine.StaticMeshActor Name:StaticMeshActor_UAID_A4AE111137DC54FB00_1240666663 Label:SM_SkySphere SpatiallyLoaded:0 Bounds:IsValid=true, Min=(X=0.000 Y=250.000 Z=0.000), Max=(X=0.000 Y=250.000 Z=0.000) RuntimeGrid:None EditorOnly:0 RuntimeOnly:0 HLODRelevant:0 ListedInSceneOutliner:1 IsMainWorldOnly:1 FolderPath:Lighting FolderGuid:B7E9BD5B45A652654791988DEF54CCEB
 |   |   |- Guid:0770D72D45611DA09D6719935240EA73 BaseClass: NativeClass:/Script/Engine.TargetPoint Name:TargetPoint_UAID_9C6B0058C1E3BAE502_2118259082 Label:TargetPoint10 SpatiallyLoaded:1 Bounds:IsValid=true, Min=(X=-3500.000 Y=500.000 Z=450.000), Max=(X=-3500.000 Y=500.000 Z=450.000) RuntimeGrid:None EditorOnly:0 RuntimeOnly:0 HLODRelevant:0 ListedInSceneOutliner:1 IsMainWorldOnly:0 FolderPath:TargetPointList FolderGuid:A0DE11514DB2223E2F6180AEDC242D70
 |   |   |- Guid:08AD43214A27E9658AEDA6AA6E830E70 BaseClass: NativeClass:/Script/Engine.TargetPoint Name:TargetPoint_UAID_9C6B0058C1E3BAE502_2138038102 Label:TargetPoint30 SpatiallyLoaded:1 Bounds:IsValid=true, Min=(X=-3500.000 Y=-1500.000 Z=450.000), Max=(X=-3500.000 Y=-1500.000 Z=450.000) RuntimeGrid:None EditorOnly:0 RuntimeOnly:0 HLODRelevant:0 ListedInSceneOutliner:1 IsMainWorldOnly:0 FolderPath:TargetPointList FolderGuid:A0DE11514DB2223E2F6180AEDC242D70
 |   |   |- Guid:0B6E25024E37520FAF90E29921F8DC2C BaseClass: NativeClass:/Script/Engine.StaticMeshActor Name:StaticMeshActor_UAID_9C6B0058C1E3EAE702_1762527616 Label:SM_Dome SpatiallyLoaded:1 Bounds:IsValid=true, Min=(X=-10887.198 Y=-8487.349 Z=-8087.500), Max=(X=5287.198 Y=7687.349 Z=8087.500) RuntimeGrid:None EditorOnly:0 RuntimeOnly:0 HLODRelevant:1 ListedInSceneOutliner:1 IsMainWorldOnly:0
 |   |   |- Guid:0FCAA7C945F35855EF6A14BA5628157A BaseClass: NativeClass:/Script/Engine.TargetPoint Name:TargetPoint_UAID_9C6B0058C1E3BAE502_2132941093 Label:TargetPoint21 SpatiallyLoaded:1 Bounds:IsValid=true, Min=(X=-1500.000 Y=-1000.000 Z=450.000), Max=(X=-1500.000 Y=-1000.000 Z=450.000) RuntimeGrid:None EditorOnly:0 RuntimeOnly:0 HLODRelevant:0 ListedInSceneOutliner:1 IsMainWorldOnly:0 FolderPath:TargetPointList FolderGuid:A0DE11514DB2223E2F6180AEDC242D70
 |   |   |- Guid:0FDBF9424D03EF27AFA71AA99AADA6DE BaseClass: NativeClass:/Script/Engine.TargetPoint Name:TargetPoint_UAID_9C6B0058C1E3BAE502_2128359091 Label:TargetPoint19 SpatiallyLoaded:1 Bounds:IsValid=true, Min=(X=-3000.000 Y=-250.000 Z=450.000), Max=(X=-3000.000 Y=-250.000 Z=450.000) RuntimeGrid:None EditorOnly:0 RuntimeOnly:0 HLODRelevant:0 ListedInSceneOutliner:1 IsMainWorldOnly:0 FolderPath:TargetPointList FolderGuid:A0DE11514DB2223E2F6180AEDC242D70
 |   |   |- Guid:14CE88984C730F4193BBF18718D6C74F BaseClass: NativeClass:/Script/Engine.TargetPoint Name:TargetPoint_UAID_9C6B0058C1E3BAE502_2132946097 Label:TargetPoint25 SpatiallyLoaded:1 Bounds:IsValid=true, Min=(X=-3500.000 Y=-1000.000 Z=450.000), Max=(X=-3500.000 Y=-1000.000 Z=450.000) RuntimeGrid:None EditorOnly:0 RuntimeOnly:0 HLODRelevant:0 ListedInSceneOutliner:1 IsMainWorldOnly:0 FolderPath:TargetPointList FolderGuid:A0DE11514DB2223E2F6180AEDC242D70
 |   |   |- Guid:1D3D26F04B6DC10BEFB5B69E5CF914C8 BaseClass: NativeClass:/Script/Engine.VolumetricCloud Name:VolumetricCloud_UAID_A85E45CFE40401D200_1470381760 Label:VolumetricCloud SpatiallyLoaded:0 Bounds:IsValid=true, Min=(X=0.000 Y=0.000 Z=0.000), Max=(X=0.000 Y=0.000 Z=0.000) RuntimeGrid:None EditorOnly:0 RuntimeOnly:0 HLODRelevant:0 ListedInSceneOutliner:1 IsMainWorldOnly:0 FolderPath:Lighting FolderGuid:B7E9BD5B45A652654791988DEF54CCEB
 |   |   |- Guid:1DE8D7AC4103A2EABA11649C7FCF8ACA BaseClass: NativeClass:/Script/Engine.SkyLight Name:SkyLight_UAID_A85E45CFE40401D200_1470380759 Label:SkyLight SpatiallyLoaded:0 Bounds:IsValid=true, Min=(X=0.000 Y=0.000 Z=0.000), Max=(X=0.000 Y=0.000 Z=0.000) RuntimeGrid:None EditorOnly:0 RuntimeOnly:0 HLODRelevant:0 ListedInSceneOutliner:1 IsMainWorldOnly:0 FolderPath:Lighting FolderGuid:B7E9BD5B45A652654791988DEF54CCEB
 |   |   |- Guid:200AEEAD4D90B837527137BE6D3D6ECF BaseClass:/Game/Core/Blueprints/BP_Playfeild.BP_Playfeild_C NativeClass:/Script/Engine.Actor Name:BP_Playfeild_C_UAID_9C6B0058C1E3BAE502_1419007059 Label:BP_Playfeild SpatiallyLoaded:1 Bounds:IsValid=true, Min=(X=-3687.500 Y=-1587.500 Z=-937.500), Max=(X=-912.500 Y=1587.500 Z=-362.500) RuntimeGrid:None EditorOnly:0 RuntimeOnly:0 HLODRelevant:0 ListedInSceneOutliner:1 IsMainWorldOnly:0
 |   |   |- Guid:219DF6544AB35F4CCBE5569A200C540F BaseClass: NativeClass:/Script/Engine.TargetPoint Name:TargetPoint_UAID_9C6B0058C1E3BAE502_2128355088 Label:TargetPoint16 SpatiallyLoaded:1 Bounds:IsValid=true, Min=(X=-1500.000 Y=-500.000 Z=450.000), Max=(X=-1500.000 Y=-500.000 Z=450.000) RuntimeGrid:None EditorOnly:0 RuntimeOnly:0 HLODRelevant:0 ListedInSceneOutliner:1 IsMainWorldOnly:0 FolderPath:TargetPointList FolderGuid:A0DE11514DB2223E2F6180AEDC242D70
 |   |   |- Guid:2A6CA67E413BE62B06D1438FC025FB7E BaseClass: NativeClass:/Script/Engine.TargetPoint Name:TargetPoint_UAID_9C6B0058C1E3BAE502_2128357089 Label:TargetPoint17 SpatiallyLoaded:1 Bounds:IsValid=true, Min=(X=-2000.000 Y=-800.000 Z=450.000), Max=(X=-2000.000 Y=-800.000 Z=450.000) RuntimeGrid:None EditorOnly:0 RuntimeOnly:0 HLODRelevant:0 ListedInSceneOutliner:1 IsMainWorldOnly:0 FolderPath:TargetPointList FolderGuid:A0DE11514DB2223E2F6180AEDC242D70
 |   |   |- Guid:2BFDA359418DDAC0F46ABBADA75F128F BaseClass: NativeClass:/Script/Engine.TargetPoint Name:TargetPoint_UAID_9C6B0058C1E3BAE502_2118258081 Label:TargetPoint9 SpatiallyLoaded:1 Bounds:IsValid=true, Min=(X=-3000.000 Y=750.000 Z=450.000), Max=(X=-3000.000 Y=750.000 Z=450.000) RuntimeGrid:None EditorOnly:0 RuntimeOnly:0 HLODRelevant:0 ListedInSceneOutliner:1 IsMainWorldOnly:0 FolderPath:TargetPointList FolderGuid:A0DE11514DB2223E2F6180AEDC242D70
 |   |   |- Guid:2CE12F874AA39D020A0F4BA5739BD305 BaseClass: NativeClass:/Script/Engine.SkyAtmosphere Name:SkyAtmosphere_UAID_A85E45CFE40401D200_1470382762 Label:SkyAtmosphere SpatiallyLoaded:0 Bounds:IsValid=true, Min=(X=0.000 Y=0.000 Z=0.000), Max=(X=0.000 Y=0.000 Z=0.000) RuntimeGrid:None EditorOnly:0 RuntimeOnly:0 HLODRelevant:0 ListedInSceneOutliner:1 IsMainWorldOnly:0 FolderPath:Lighting FolderGuid:B7E9BD5B45A652654791988DEF54CCEB
 |   |   |- Guid:3018B72C4CCCF30BC25E4EB87BD7C7B8 BaseClass:/Game/Core/Blueprints/UserInterface/BP_MainMenuPawn.BP_MainMenuPawn_C NativeClass:/Script/Engine.Pawn Name:BP_MainMenuPawn_C_UAID_9C6B0058C1E318E502_1487141544 Label:BP_MainMenuPawn SpatiallyLoaded:1 Bounds:IsValid=true, Min=(X=-50.000 Y=0.000 Z=0.000), Max=(X=-50.000 Y=0.000 Z=0.000) RuntimeGrid:None EditorOnly:0 RuntimeOnly:0 HLODRelevant:0 ListedInSceneOutliner:1 IsMainWorldOnly:0
 |   |   |- Guid:3BB58B7D4DAC1D24B2E433A5D5EA5C07 BaseClass: NativeClass:/Script/Engine.TargetPoint Name:TargetPoint_UAID_9C6B0058C1E3BAE502_2123812087 Label:TargetPoint15 SpatiallyLoaded:1 Bounds:IsValid=true, Min=(X=-3500.000 Y=0.000 Z=450.000), Max=(X=-3500.000 Y=0.000 Z=450.000) RuntimeGrid:None EditorOnly:0 RuntimeOnly:0 HLODRelevant:0 ListedInSceneOutliner:1 IsMainWorldOnly:0 FolderPath:TargetPointList FolderGuid:A0DE11514DB2223E2F6180AEDC242D70
 |   |   |- Guid:43D85D204B6E7A3FAE8E0B87F50CFE52 BaseClass: NativeClass:/Script/Engine.TargetPoint Name:TargetPoint_UAID_9C6B0058C1E3BAE502_1330252055 Label:TargetPoint SpatiallyLoaded:1 Bounds:IsValid=true, Min=(X=-1500.000 Y=1000.000 Z=450.000), Max=(X=-1500.000 Y=1000.000 Z=450.000) RuntimeGrid:None EditorOnly:0 RuntimeOnly:0 HLODRelevant:0 ListedInSceneOutliner:1 IsMainWorldOnly:0 FolderPath:TargetPointList FolderGuid:A0DE11514DB2223E2F6180AEDC242D70
 |   |   |- Guid:5368FABB47D6D9580DAECA8B0417BF92 BaseClass: NativeClass:/Script/Engine.WorldDataLayers Name:WorldDataLayers Label:WorldDataLayers-1 SpatiallyLoaded:0 Bounds:Invalid RuntimeGrid:None EditorOnly:0 RuntimeOnly:0 HLODRelevant:0 ListedInSceneOutliner:1 IsMainWorldOnly:1
 |   |   |- Guid:5425E9A94D698034EBD224A9F77CED2E BaseClass: NativeClass:/Script/Engine.TargetPoint Name:TargetPoint_UAID_9C6B0058C1E3BAE502_2123811086 Label:TargetPoint14 SpatiallyLoaded:1 Bounds:IsValid=true, Min=(X=-3000.000 Y=250.000 Z=450.000), Max=(X=-3000.000 Y=250.000 Z=450.000) RuntimeGrid:None EditorOnly:0 RuntimeOnly:0 HLODRelevant:0 ListedInSceneOutliner:1 IsMainWorldOnly:0 FolderPath:TargetPointList FolderGuid:A0DE11514DB2223E2F6180AEDC242D70
 |   |   |- Guid:6B9FD0C24D8E0403F93F178661B66304 BaseClass: NativeClass:/Script/Engine.TargetPoint Name:TargetPoint_UAID_9C6B0058C1E3BAE502_2118254078 Label:TargetPoint6 SpatiallyLoaded:1 Bounds:IsValid=true, Min=(X=-1500.000 Y=500.000 Z=450.000), Max=(X=-1500.000 Y=500.000 Z=450.000) RuntimeGrid:None EditorOnly:0 RuntimeOnly:0 HLODRelevant:0 ListedInSceneOutliner:1 IsMainWorldOnly:0 FolderPath:TargetPointList FolderGuid:A0DE11514DB2223E2F6180AEDC242D70
 |   |   |- Guid:7B1E9E514A2A376E67550198D1655EA3 BaseClass: NativeClass:/Script/Engine.TargetPoint Name:TargetPoint_UAID_9C6B0058C1E3BAE502_2087704076 Label:TargetPoint4 SpatiallyLoaded:1 Bounds:IsValid=true, Min=(X=-3000.000 Y=1250.000 Z=450.000), Max=(X=-3000.000 Y=1250.000 Z=450.000) RuntimeGrid:None EditorOnly:0 RuntimeOnly:0 HLODRelevant:0 ListedInSceneOutliner:1 IsMainWorldOnly:0 FolderPath:TargetPointList FolderGuid:A0DE11514DB2223E2F6180AEDC242D70
 |   |   |- Guid:7CE179954734B7EF5E303CB486BACEBD BaseClass: NativeClass:/Script/Engine.TargetPoint Name:TargetPoint_UAID_9C6B0058C1E3BAE502_2128358090 Label:TargetPoint18 SpatiallyLoaded:1 Bounds:IsValid=true, Min=(X=-2500.000 Y=-500.000 Z=450.000), Max=(X=-2500.000 Y=-500.000 Z=450.000) RuntimeGrid:None EditorOnly:0 RuntimeOnly:0 HLODRelevant:0 ListedInSceneOutliner:1 IsMainWorldOnly:0 FolderPath:TargetPointList FolderGuid:A0DE11514DB2223E2F6180AEDC242D70
 |   |   |- Guid:7FF8BBCA4A02A536C16712A0686D0169 BaseClass: NativeClass:/Script/Engine.TargetPoint Name:TargetPoint_UAID_9C6B0058C1E3BAE502_2138036099 Label:TargetPoint27 SpatiallyLoaded:1 Bounds:IsValid=true, Min=(X=-2000.000 Y=-1800.000 Z=450.000), Max=(X=-2000.000 Y=-1800.000 Z=450.000) RuntimeGrid:None EditorOnly:0 RuntimeOnly:0 HLODRelevant:0 ListedInSceneOutliner:1 IsMainWorldOnly:0 FolderPath:TargetPointList FolderGuid:A0DE11514DB2223E2F6180AEDC242D70
 |   |   |- Guid:84B2A3634B58A48291C824AF04E0C0E3 BaseClass: NativeClass:/Script/Engine.TargetPoint Name:TargetPoint_UAID_9C6B0058C1E3BAE502_2138034098 Label:TargetPoint26 SpatiallyLoaded:1 Bounds:IsValid=true, Min=(X=-1500.000 Y=-1500.000 Z=450.000), Max=(X=-1500.000 Y=-1500.000 Z=450.000) RuntimeGrid:None EditorOnly:0 RuntimeOnly:0 HLODRelevant:0 ListedInSceneOutliner:1 IsMainWorldOnly:0 FolderPath:TargetPointList FolderGuid:A0DE11514DB2223E2F6180AEDC242D70
 |   |   |- Guid:87F50B5644EC0ABDD3AF54B7DBE630D1 BaseClass: NativeClass:/Script/Engine.TargetPoint Name:TargetPoint_UAID_9C6B0058C1E3BAE502_2132945096 Label:TargetPoint24 SpatiallyLoaded:1 Bounds:IsValid=true, Min=(X=-3000.000 Y=-750.000 Z=450.000), Max=(X=-3000.000 Y=-750.000 Z=450.000) RuntimeGrid:None EditorOnly:0 RuntimeOnly:0 HLODRelevant:0 ListedInSceneOutliner:1 IsMainWorldOnly:0 FolderPath:TargetPointList FolderGuid:A0DE11514DB2223E2F6180AEDC242D70
 |   |   |- Guid:962D6BE34E7839A2A94E65B8F6CE5D43 BaseClass: NativeClass:/Script/Engine.PlayerStart Name:PlayerStart_UAID_F02F74551BF5599B01_1153002503 Label:PlayerStart SpatiallyLoaded:0 Bounds:IsValid=true, Min=(X=-40.000 Y=-40.000 Z=-92.000), Max=(X=40.000 Y=40.000 Z=92.000) RuntimeGrid:None EditorOnly:0 RuntimeOnly:0 HLODRelevant:0 ListedInSceneOutliner:1 IsMainWorldOnly:0
 |   |   |- Guid:9921FDEA42908382F640F78E86B9FA66 BaseClass: NativeClass:/Script/Engine.TargetPoint Name:TargetPoint_UAID_9C6B0058C1E3BAE502_2118256079 Label:TargetPoint7 SpatiallyLoaded:1 Bounds:IsValid=true, Min=(X=-2000.000 Y=200.000 Z=450.000), Max=(X=-2000.000 Y=200.000 Z=450.000) RuntimeGrid:None EditorOnly:0 RuntimeOnly:0 HLODRelevant:0 ListedInSceneOutliner:1 IsMainWorldOnly:0 FolderPath:TargetPointList FolderGuid:A0DE11514DB2223E2F6180AEDC242D70
 |   |   |- Guid:A186097444E98556111F958F89F89F3D BaseClass:/Game/Animated_Nebulas_Starter_Pack/Planet_System/Blueprints/BP_Star_Dome.BP_Star_Dome_C NativeClass:/Script/Engine.Actor Name:BP_Star_Dome_C_UAID_9C6B0058C1E3EAE702_1596522615 Label:BP_Star_Dome SpatiallyLoaded:1 Bounds:IsValid=true, Min=(X=-100.000 Y=400.000 Z=-100.000), Max=(X=-100.000 Y=400.000 Z=-100.000) RuntimeGrid:None EditorOnly:0 RuntimeOnly:0 HLODRelevant:0 ListedInSceneOutliner:1 IsMainWorldOnly:0
 |   |   |- Guid:A696E13545FADBEFD1F31489DB7328C5 BaseClass: NativeClass:/Script/Engine.TargetPoint Name:TargetPoint_UAID_9C6B0058C1E3BAE502_2123809085 Label:TargetPoint13 SpatiallyLoaded:1 Bounds:IsValid=true, Min=(X=-2500.000 Y=0.000 Z=450.000), Max=(X=-2500.000 Y=0.000 Z=450.000) RuntimeGrid:None EditorOnly:0 RuntimeOnly:0 HLODRelevant:0 ListedInSceneOutliner:1 IsMainWorldOnly:0 FolderPath:TargetPointList FolderGuid:A0DE11514DB2223E2F6180AEDC242D70
 |   |   |- Guid:AA2B3ECA4F45D1C3243F69999DE62848 BaseClass: NativeClass:/Script/Engine.TargetPoint Name:TargetPoint_UAID_9C6B0058C1E3BAE502_2132943094 Label:TargetPoint22 SpatiallyLoaded:1 Bounds:IsValid=true, Min=(X=-2000.000 Y=-1300.000 Z=450.000), Max=(X=-2000.000 Y=-1300.000 Z=450.000) RuntimeGrid:None EditorOnly:0 RuntimeOnly:0 HLODRelevant:0 ListedInSceneOutliner:1 IsMainWorldOnly:0 FolderPath:TargetPointList FolderGuid:A0DE11514DB2223E2F6180AEDC242D70
 |   |   |- Guid:AAAC6B5742760A58C2206DB37E44683C BaseClass: NativeClass:/Script/Engine.DirectionalLight Name:DirectionalLight_UAID_A85E45CFE40401D200_1470382761 Label:DirectionalLight SpatiallyLoaded:0 Bounds:Invalid RuntimeGrid:None EditorOnly:0 RuntimeOnly:0 HLODRelevant:0 ListedInSceneOutliner:1 IsMainWorldOnly:1 FolderPath:Lighting FolderGuid:B7E9BD5B45A652654791988DEF54CCEB
 |   |   |- Guid:B91422BD4FD00A4074D0ACBB8598FF1F BaseClass: NativeClass:/Script/Engine.TargetPoint Name:TargetPoint_UAID_9C6B0058C1E3BAE502_2132944095 Label:TargetPoint23 SpatiallyLoaded:1 Bounds:IsValid=true, Min=(X=-2500.000 Y=-1000.000 Z=450.000), Max=(X=-2500.000 Y=-1000.000 Z=450.000) RuntimeGrid:None EditorOnly:0 RuntimeOnly:0 HLODRelevant:0 ListedInSceneOutliner:1 IsMainWorldOnly:0 FolderPath:TargetPointList FolderGuid:A0DE11514DB2223E2F6180AEDC242D70
 |   |   |- Guid:BCF7F0E6430F6929AEE32BBABC9D224D BaseClass: NativeClass:/Script/Engine.TargetPoint Name:TargetPoint_UAID_9C6B0058C1E3BAE502_2111214077 Label:TargetPoint5 SpatiallyLoaded:1 Bounds:IsValid=true, Min=(X=-3500.000 Y=1000.000 Z=450.000), Max=(X=-3500.000 Y=1000.000 Z=450.000) RuntimeGrid:None EditorOnly:0 RuntimeOnly:0 HLODRelevant:0 ListedInSceneOutliner:1 IsMainWorldOnly:0 FolderPath:TargetPointList FolderGuid:A0DE11514DB2223E2F6180AEDC242D70
 |   |   |- Guid:C79A17F646004C9B9C9483BDABB63391 BaseClass: NativeClass:/Script/Engine.TargetPoint Name:TargetPoint_UAID_9C6B0058C1E3BAE502_2123806083 Label:TargetPoint11 SpatiallyLoaded:1 Bounds:IsValid=true, Min=(X=-1500.000 Y=0.000 Z=450.000), Max=(X=-1500.000 Y=0.000 Z=450.000) RuntimeGrid:None EditorOnly:0 RuntimeOnly:0 HLODRelevant:0 ListedInSceneOutliner:1 IsMainWorldOnly:0 FolderPath:TargetPointList FolderGuid:A0DE11514DB2223E2F6180AEDC242D70
 |   |   |- Guid:CDCE837C446CE682C37C3F81DD26F970 BaseClass: NativeClass:/Script/Engine.TargetPoint Name:TargetPoint_UAID_9C6B0058C1E3BAE502_2085604075 Label:TargetPoint3 SpatiallyLoaded:1 Bounds:IsValid=true, Min=(X=-2500.000 Y=1000.000 Z=450.000), Max=(X=-2500.000 Y=1000.000 Z=450.000) RuntimeGrid:None EditorOnly:0 RuntimeOnly:0 HLODRelevant:0 ListedInSceneOutliner:1 IsMainWorldOnly:0 FolderPath:TargetPointList FolderGuid:A0DE11514DB2223E2F6180AEDC242D70
 |   |   |- Guid:D3FB7383421AAEFD3DB6F8B1E415A9FE BaseClass: NativeClass:/Script/Engine.ExponentialHeightFog Name:ExponentialHeightFog_UAID_A85E45CFE40401D200_1470382763 Label:ExponentialHeightFog SpatiallyLoaded:0 Bounds:IsValid=true, Min=(X=-5600.000 Y=-50.000 Z=-6850.000), Max=(X=-5600.000 Y=-50.000 Z=-6850.000) RuntimeGrid:None EditorOnly:0 RuntimeOnly:0 HLODRelevant:0 ListedInSceneOutliner:1 IsMainWorldOnly:0 FolderPath:Lighting FolderGuid:B7E9BD5B45A652654791988DEF54CCEB
 |   |   |- Guid:D7B36597423E8056BE224FAF1EF328DC BaseClass: NativeClass:/Script/Engine.TargetPoint Name:TargetPoint_UAID_9C6B0058C1E3BAE502_2138037100 Label:TargetPoint28 SpatiallyLoaded:1 Bounds:IsValid=true, Min=(X=-2500.000 Y=-1500.000 Z=450.000), Max=(X=-2500.000 Y=-1500.000 Z=450.000) RuntimeGrid:None EditorOnly:0 RuntimeOnly:0 HLODRelevant:0 ListedInSceneOutliner:1 IsMainWorldOnly:0 FolderPath:TargetPointList FolderGuid:A0DE11514DB2223E2F6180AEDC242D70
 |   |   |- Guid:DCF6DBE04AAC9033A232F198147B4178 BaseClass: NativeClass:/Script/Engine.TargetPoint Name:TargetPoint_UAID_9C6B0058C1E3BAE502_2128360092 Label:TargetPoint20 SpatiallyLoaded:1 Bounds:IsValid=true, Min=(X=-3500.000 Y=-500.000 Z=450.000), Max=(X=-3500.000 Y=-500.000 Z=450.000) RuntimeGrid:None EditorOnly:0 RuntimeOnly:0 HLODRelevant:0 ListedInSceneOutliner:1 IsMainWorldOnly:0 FolderPath:TargetPointList FolderGuid:A0DE11514DB2223E2F6180AEDC242D70
 |   |   |- Guid:DF03F8234D2F950108D746886E7E7540 BaseClass: NativeClass:/Script/Engine.TargetPoint Name:TargetPoint_UAID_9C6B0058C1E3BAE502_2123808084 Label:TargetPoint12 SpatiallyLoaded:1 Bounds:IsValid=true, Min=(X=-2000.000 Y=-300.000 Z=450.000), Max=(X=-2000.000 Y=-300.000 Z=450.000) RuntimeGrid:None EditorOnly:0 RuntimeOnly:0 HLODRelevant:0 ListedInSceneOutliner:1 IsMainWorldOnly:0 FolderPath:TargetPointList FolderGuid:A0DE11514DB2223E2F6180AEDC242D70
 |   |   |- Guid:EA51F0704B860526C14CA5A99FD568BD BaseClass: NativeClass:/Script/Engine.TargetPoint Name:TargetPoint_UAID_9C6B0058C1E3BAE502_2081098074 Label:TargetPoint2 SpatiallyLoaded:1 Bounds:IsValid=true, Min=(X=-2000.000 Y=700.000 Z=450.000), Max=(X=-2000.000 Y=700.000 Z=450.000) RuntimeGrid:None EditorOnly:0 RuntimeOnly:0 HLODRelevant:0 ListedInSceneOutliner:1 IsMainWorldOnly:0 FolderPath:TargetPointList FolderGuid:A0DE11514DB2223E2F6180AEDC242D70
 |   |   |- Guid:EE10F8254C582667D8523D8E516D4F52 BaseClass: NativeClass:/Script/Engine.TargetPoint Name:TargetPoint_UAID_9C6B0058C1E3BAE502_2138037101 Label:TargetPoint29 SpatiallyLoaded:1 Bounds:IsValid=true, Min=(X=-3000.000 Y=-1250.000 Z=450.000), Max=(X=-3000.000 Y=-1250.000 Z=450.000) RuntimeGrid:None EditorOnly:0 RuntimeOnly:0 HLODRelevant:0 ListedInSceneOutliner:1 IsMainWorldOnly:0 FolderPath:TargetPointList FolderGuid:A0DE11514DB2223E2F6180AEDC242D70
 |   |   |- Guid:FEB91E084274EDD998CBAFB05C8B3517 BaseClass: NativeClass:/Script/Engine.TargetPoint Name:TargetPoint_UAID_9C6B0058C1E3BAE502_2118257080 Label:TargetPoint8 SpatiallyLoaded:1 Bounds:IsValid=true, Min=(X=-2500.000 Y=500.000 Z=450.000), Max=(X=-2500.000 Y=500.000 Z=450.000) RuntimeGrid:None EditorOnly:0 RuntimeOnly:0 HLODRelevant:0 ListedInSceneOutliner:1 IsMainWorldOnly:0 FolderPath:TargetPointList FolderGuid:A0DE11514DB2223E2F6180AEDC242D70
 |   |- [+] Clusters:
 |   |   |- [+] [  0]
 |   |   |   |- Guid:03920DF94EEFC9F86CC66185D32A3DA1 BaseClass: NativeClass:/Script/Engine.StaticMeshActor Name:StaticMeshActor_UAID_A4AE111137DC54FB00_1240666663 Label:SM_SkySphere SpatiallyLoaded:0 Bounds:IsValid=true, Min=(X=0.000 Y=250.000 Z=0.000), Max=(X=0.000 Y=250.000 Z=0.000) RuntimeGrid:None EditorOnly:0 RuntimeOnly:0 HLODRelevant:0 ListedInSceneOutliner:1 IsMainWorldOnly:1 FolderPath:Lighting FolderGuid:B7E9BD5B45A652654791988DEF54CCEB
 |   |   |- [+] [  1]
 |   |   |   |- Guid:0770D72D45611DA09D6719935240EA73 BaseClass: NativeClass:/Script/Engine.TargetPoint Name:TargetPoint_UAID_9C6B0058C1E3BAE502_2118259082 Label:TargetPoint10 SpatiallyLoaded:1 Bounds:IsValid=true, Min=(X=-3500.000 Y=500.000 Z=450.000), Max=(X=-3500.000 Y=500.000 Z=450.000) RuntimeGrid:None EditorOnly:0 RuntimeOnly:0 HLODRelevant:0 ListedInSceneOutliner:1 IsMainWorldOnly:0 FolderPath:TargetPointList FolderGuid:A0DE11514DB2223E2F6180AEDC242D70
 |   |   |- [+] [  2]
 |   |   |   |- Guid:08AD43214A27E9658AEDA6AA6E830E70 BaseClass: NativeClass:/Script/Engine.TargetPoint Name:TargetPoint_UAID_9C6B0058C1E3BAE502_2138038102 Label:TargetPoint30 SpatiallyLoaded:1 Bounds:IsValid=true, Min=(X=-3500.000 Y=-1500.000 Z=450.000), Max=(X=-3500.000 Y=-1500.000 Z=450.000) RuntimeGrid:None EditorOnly:0 RuntimeOnly:0 HLODRelevant:0 ListedInSceneOutliner:1 IsMainWorldOnly:0 FolderPath:TargetPointList FolderGuid:A0DE11514DB2223E2F6180AEDC242D70
 |   |   |- [+] [  3]
 |   |   |   |- Guid:0B6E25024E37520FAF90E29921F8DC2C BaseClass: NativeClass:/Script/Engine.StaticMeshActor Name:StaticMeshActor_UAID_9C6B0058C1E3EAE702_1762527616 Label:SM_Dome SpatiallyLoaded:1 Bounds:IsValid=true, Min=(X=-10887.198 Y=-8487.349 Z=-8087.500), Max=(X=5287.198 Y=7687.349 Z=8087.500) RuntimeGrid:None EditorOnly:0 RuntimeOnly:0 HLODRelevant:1 ListedInSceneOutliner:1 IsMainWorldOnly:0
 |   |   |- [+] [  4]
 |   |   |   |- Guid:0FCAA7C945F35855EF6A14BA5628157A BaseClass: NativeClass:/Script/Engine.TargetPoint Name:TargetPoint_UAID_9C6B0058C1E3BAE502_2132941093 Label:TargetPoint21 SpatiallyLoaded:1 Bounds:IsValid=true, Min=(X=-1500.000 Y=-1000.000 Z=450.000), Max=(X=-1500.000 Y=-1000.000 Z=450.000) RuntimeGrid:None EditorOnly:0 RuntimeOnly:0 HLODRelevant:0 ListedInSceneOutliner:1 IsMainWorldOnly:0 FolderPath:TargetPointList FolderGuid:A0DE11514DB2223E2F6180AEDC242D70
 |   |   |- [+] [  5]
 |   |   |   |- Guid:0FDBF9424D03EF27AFA71AA99AADA6DE BaseClass: NativeClass:/Script/Engine.TargetPoint Name:TargetPoint_UAID_9C6B0058C1E3BAE502_2128359091 Label:TargetPoint19 SpatiallyLoaded:1 Bounds:IsValid=true, Min=(X=-3000.000 Y=-250.000 Z=450.000), Max=(X=-3000.000 Y=-250.000 Z=450.000) RuntimeGrid:None EditorOnly:0 RuntimeOnly:0 HLODRelevant:0 ListedInSceneOutliner:1 IsMainWorldOnly:0 FolderPath:TargetPointList FolderGuid:A0DE11514DB2223E2F6180AEDC242D70
 |   |   |- [+] [  6]
 |   |   |   |- Guid:14CE88984C730F4193BBF18718D6C74F BaseClass: NativeClass:/Script/Engine.TargetPoint Name:TargetPoint_UAID_9C6B0058C1E3BAE502_2132946097 Label:TargetPoint25 SpatiallyLoaded:1 Bounds:IsValid=true, Min=(X=-3500.000 Y=-1000.000 Z=450.000), Max=(X=-3500.000 Y=-1000.000 Z=450.000) RuntimeGrid:None EditorOnly:0 RuntimeOnly:0 HLODRelevant:0 ListedInSceneOutliner:1 IsMainWorldOnly:0 FolderPath:TargetPointList FolderGuid:A0DE11514DB2223E2F6180AEDC242D70
 |   |   |- [+] [  7]
 |   |   |   |- Guid:1D3D26F04B6DC10BEFB5B69E5CF914C8 BaseClass: NativeClass:/Script/Engine.VolumetricCloud Name:VolumetricCloud_UAID_A85E45CFE40401D200_1470381760 Label:VolumetricCloud SpatiallyLoaded:0 Bounds:IsValid=true, Min=(X=0.000 Y=0.000 Z=0.000), Max=(X=0.000 Y=0.000 Z=0.000) RuntimeGrid:None EditorOnly:0 RuntimeOnly:0 HLODRelevant:0 ListedInSceneOutliner:1 IsMainWorldOnly:0 FolderPath:Lighting FolderGuid:B7E9BD5B45A652654791988DEF54CCEB
 |   |   |- [+] [  8]
 |   |   |   |- Guid:1DE8D7AC4103A2EABA11649C7FCF8ACA BaseClass: NativeClass:/Script/Engine.SkyLight Name:SkyLight_UAID_A85E45CFE40401D200_1470380759 Label:SkyLight SpatiallyLoaded:0 Bounds:IsValid=true, Min=(X=0.000 Y=0.000 Z=0.000), Max=(X=0.000 Y=0.000 Z=0.000) RuntimeGrid:None EditorOnly:0 RuntimeOnly:0 HLODRelevant:0 ListedInSceneOutliner:1 IsMainWorldOnly:0 FolderPath:Lighting FolderGuid:B7E9BD5B45A652654791988DEF54CCEB
 |   |   |- [+] [  9]
 |   |   |   |- Guid:200AEEAD4D90B837527137BE6D3D6ECF BaseClass:/Game/Core/Blueprints/BP_Playfeild.BP_Playfeild_C NativeClass:/Script/Engine.Actor Name:BP_Playfeild_C_UAID_9C6B0058C1E3BAE502_1419007059 Label:BP_Playfeild SpatiallyLoaded:1 Bounds:IsValid=true, Min=(X=-3687.500 Y=-1587.500 Z=-937.500), Max=(X=-912.500 Y=1587.500 Z=-362.500) RuntimeGrid:None EditorOnly:0 RuntimeOnly:0 HLODRelevant:0 ListedInSceneOutliner:1 IsMainWorldOnly:0
 |   |   |- [+] [ 10]
 |   |   |   |- Guid:219DF6544AB35F4CCBE5569A200C540F BaseClass: NativeClass:/Script/Engine.TargetPoint Name:TargetPoint_UAID_9C6B0058C1E3BAE502_2128355088 Label:TargetPoint16 SpatiallyLoaded:1 Bounds:IsValid=true, Min=(X=-1500.000 Y=-500.000 Z=450.000), Max=(X=-1500.000 Y=-500.000 Z=450.000) RuntimeGrid:None EditorOnly:0 RuntimeOnly:0 HLODRelevant:0 ListedInSceneOutliner:1 IsMainWorldOnly:0 FolderPath:TargetPointList FolderGuid:A0DE11514DB2223E2F6180AEDC242D70
 |   |   |- [+] [ 11]
 |   |   |   |- Guid:2A6CA67E413BE62B06D1438FC025FB7E BaseClass: NativeClass:/Script/Engine.TargetPoint Name:TargetPoint_UAID_9C6B0058C1E3BAE502_2128357089 Label:TargetPoint17 SpatiallyLoaded:1 Bounds:IsValid=true, Min=(X=-2000.000 Y=-800.000 Z=450.000), Max=(X=-2000.000 Y=-800.000 Z=450.000) RuntimeGrid:None EditorOnly:0 RuntimeOnly:0 HLODRelevant:0 ListedInSceneOutliner:1 IsMainWorldOnly:0 FolderPath:TargetPointList FolderGuid:A0DE11514DB2223E2F6180AEDC242D70
 |   |   |- [+] [ 12]
 |   |   |   |- Guid:2BFDA359418DDAC0F46ABBADA75F128F BaseClass: NativeClass:/Script/Engine.TargetPoint Name:TargetPoint_UAID_9C6B0058C1E3BAE502_2118258081 Label:TargetPoint9 SpatiallyLoaded:1 Bounds:IsValid=true, Min=(X=-3000.000 Y=750.000 Z=450.000), Max=(X=-3000.000 Y=750.000 Z=450.000) RuntimeGrid:None EditorOnly:0 RuntimeOnly:0 HLODRelevant:0 ListedInSceneOutliner:1 IsMainWorldOnly:0 FolderPath:TargetPointList FolderGuid:A0DE11514DB2223E2F6180AEDC242D70
 |   |   |- [+] [ 13]
 |   |   |   |- Guid:2CE12F874AA39D020A0F4BA5739BD305 BaseClass: NativeClass:/Script/Engine.SkyAtmosphere Name:SkyAtmosphere_UAID_A85E45CFE40401D200_1470382762 Label:SkyAtmosphere SpatiallyLoaded:0 Bounds:IsValid=true, Min=(X=0.000 Y=0.000 Z=0.000), Max=(X=0.000 Y=0.000 Z=0.000) RuntimeGrid:None EditorOnly:0 RuntimeOnly:0 HLODRelevant:0 ListedInSceneOutliner:1 IsMainWorldOnly:0 FolderPath:Lighting FolderGuid:B7E9BD5B45A652654791988DEF54CCEB
 |   |   |- [+] [ 14]
 |   |   |   |- Guid:3018B72C4CCCF30BC25E4EB87BD7C7B8 BaseClass:/Game/Core/Blueprints/UserInterface/BP_MainMenuPawn.BP_MainMenuPawn_C NativeClass:/Script/Engine.Pawn Name:BP_MainMenuPawn_C_UAID_9C6B0058C1E318E502_1487141544 Label:BP_MainMenuPawn SpatiallyLoaded:1 Bounds:IsValid=true, Min=(X=-50.000 Y=0.000 Z=0.000), Max=(X=-50.000 Y=0.000 Z=0.000) RuntimeGrid:None EditorOnly:0 RuntimeOnly:0 HLODRelevant:0 ListedInSceneOutliner:1 IsMainWorldOnly:0
 |   |   |- [+] [ 15]
 |   |   |   |- Guid:3BB58B7D4DAC1D24B2E433A5D5EA5C07 BaseClass: NativeClass:/Script/Engine.TargetPoint Name:TargetPoint_UAID_9C6B0058C1E3BAE502_2123812087 Label:TargetPoint15 SpatiallyLoaded:1 Bounds:IsValid=true, Min=(X=-3500.000 Y=0.000 Z=450.000), Max=(X=-3500.000 Y=0.000 Z=450.000) RuntimeGrid:None EditorOnly:0 RuntimeOnly:0 HLODRelevant:0 ListedInSceneOutliner:1 IsMainWorldOnly:0 FolderPath:TargetPointList FolderGuid:A0DE11514DB2223E2F6180AEDC242D70
 |   |   |- [+] [ 16]
 |   |   |   |- Guid:43D85D204B6E7A3FAE8E0B87F50CFE52 BaseClass: NativeClass:/Script/Engine.TargetPoint Name:TargetPoint_UAID_9C6B0058C1E3BAE502_1330252055 Label:TargetPoint SpatiallyLoaded:1 Bounds:IsValid=true, Min=(X=-1500.000 Y=1000.000 Z=450.000), Max=(X=-1500.000 Y=1000.000 Z=450.000) RuntimeGrid:None EditorOnly:0 RuntimeOnly:0 HLODRelevant:0 ListedInSceneOutliner:1 IsMainWorldOnly:0 FolderPath:TargetPointList FolderGuid:A0DE11514DB2223E2F6180AEDC242D70
 |   |   |- [+] [ 17]
 |   |   |   |- Guid:5368FABB47D6D9580DAECA8B0417BF92 BaseClass: NativeClass:/Script/Engine.WorldDataLayers Name:WorldDataLayers Label:WorldDataLayers-1 SpatiallyLoaded:0 Bounds:Invalid RuntimeGrid:None EditorOnly:0 RuntimeOnly:0 HLODRelevant:0 ListedInSceneOutliner:1 IsMainWorldOnly:1
 |   |   |- [+] [ 18]
 |   |   |   |- Guid:5425E9A94D698034EBD224A9F77CED2E BaseClass: NativeClass:/Script/Engine.TargetPoint Name:TargetPoint_UAID_9C6B0058C1E3BAE502_2123811086 Label:TargetPoint14 SpatiallyLoaded:1 Bounds:IsValid=true, Min=(X=-3000.000 Y=250.000 Z=450.000), Max=(X=-3000.000 Y=250.000 Z=450.000) RuntimeGrid:None EditorOnly:0 RuntimeOnly:0 HLODRelevant:0 ListedInSceneOutliner:1 IsMainWorldOnly:0 FolderPath:TargetPointList FolderGuid:A0DE11514DB2223E2F6180AEDC242D70
 |   |   |- [+] [ 19]
 |   |   |   |- Guid:6B9FD0C24D8E0403F93F178661B66304 BaseClass: NativeClass:/Script/Engine.TargetPoint Name:TargetPoint_UAID_9C6B0058C1E3BAE502_2118254078 Label:TargetPoint6 SpatiallyLoaded:1 Bounds:IsValid=true, Min=(X=-1500.000 Y=500.000 Z=450.000), Max=(X=-1500.000 Y=500.000 Z=450.000) RuntimeGrid:None EditorOnly:0 RuntimeOnly:0 HLODRelevant:0 ListedInSceneOutliner:1 IsMainWorldOnly:0 FolderPath:TargetPointList FolderGuid:A0DE11514DB2223E2F6180AEDC242D70
 |   |   |- [+] [ 20]
 |   |   |   |- Guid:7B1E9E514A2A376E67550198D1655EA3 BaseClass: NativeClass:/Script/Engine.TargetPoint Name:TargetPoint_UAID_9C6B0058C1E3BAE502_2087704076 Label:TargetPoint4 SpatiallyLoaded:1 Bounds:IsValid=true, Min=(X=-3000.000 Y=1250.000 Z=450.000), Max=(X=-3000.000 Y=1250.000 Z=450.000) RuntimeGrid:None EditorOnly:0 RuntimeOnly:0 HLODRelevant:0 ListedInSceneOutliner:1 IsMainWorldOnly:0 FolderPath:TargetPointList FolderGuid:A0DE11514DB2223E2F6180AEDC242D70
 |   |   |- [+] [ 21]
 |   |   |   |- Guid:7CE179954734B7EF5E303CB486BACEBD BaseClass: NativeClass:/Script/Engine.TargetPoint Name:TargetPoint_UAID_9C6B0058C1E3BAE502_2128358090 Label:TargetPoint18 SpatiallyLoaded:1 Bounds:IsValid=true, Min=(X=-2500.000 Y=-500.000 Z=450.000), Max=(X=-2500.000 Y=-500.000 Z=450.000) RuntimeGrid:None EditorOnly:0 RuntimeOnly:0 HLODRelevant:0 ListedInSceneOutliner:1 IsMainWorldOnly:0 FolderPath:TargetPointList FolderGuid:A0DE11514DB2223E2F6180AEDC242D70
 |   |   |- [+] [ 22]
 |   |   |   |- Guid:7FF8BBCA4A02A536C16712A0686D0169 BaseClass: NativeClass:/Script/Engine.TargetPoint Name:TargetPoint_UAID_9C6B0058C1E3BAE502_2138036099 Label:TargetPoint27 SpatiallyLoaded:1 Bounds:IsValid=true, Min=(X=-2000.000 Y=-1800.000 Z=450.000), Max=(X=-2000.000 Y=-1800.000 Z=450.000) RuntimeGrid:None EditorOnly:0 RuntimeOnly:0 HLODRelevant:0 ListedInSceneOutliner:1 IsMainWorldOnly:0 FolderPath:TargetPointList FolderGuid:A0DE11514DB2223E2F6180AEDC242D70
 |   |   |- [+] [ 23]
 |   |   |   |- Guid:84B2A3634B58A48291C824AF04E0C0E3 BaseClass: NativeClass:/Script/Engine.TargetPoint Name:TargetPoint_UAID_9C6B0058C1E3BAE502_2138034098 Label:TargetPoint26 SpatiallyLoaded:1 Bounds:IsValid=true, Min=(X=-1500.000 Y=-1500.000 Z=450.000), Max=(X=-1500.000 Y=-1500.000 Z=450.000) RuntimeGrid:None EditorOnly:0 RuntimeOnly:0 HLODRelevant:0 ListedInSceneOutliner:1 IsMainWorldOnly:0 FolderPath:TargetPointList FolderGuid:A0DE11514DB2223E2F6180AEDC242D70
 |   |   |- [+] [ 24]
 |   |   |   |- Guid:87F50B5644EC0ABDD3AF54B7DBE630D1 BaseClass: NativeClass:/Script/Engine.TargetPoint Name:TargetPoint_UAID_9C6B0058C1E3BAE502_2132945096 Label:TargetPoint24 SpatiallyLoaded:1 Bounds:IsValid=true, Min=(X=-3000.000 Y=-750.000 Z=450.000), Max=(X=-3000.000 Y=-750.000 Z=450.000) RuntimeGrid:None EditorOnly:0 RuntimeOnly:0 HLODRelevant:0 ListedInSceneOutliner:1 IsMainWorldOnly:0 FolderPath:TargetPointList FolderGuid:A0DE11514DB2223E2F6180AEDC242D70
 |   |   |- [+] [ 25]
 |   |   |   |- Guid:962D6BE34E7839A2A94E65B8F6CE5D43 BaseClass: NativeClass:/Script/Engine.PlayerStart Name:PlayerStart_UAID_F02F74551BF5599B01_1153002503 Label:PlayerStart SpatiallyLoaded:0 Bounds:IsValid=true, Min=(X=-40.000 Y=-40.000 Z=-92.000), Max=(X=40.000 Y=40.000 Z=92.000) RuntimeGrid:None EditorOnly:0 RuntimeOnly:0 HLODRelevant:0 ListedInSceneOutliner:1 IsMainWorldOnly:0
 |   |   |- [+] [ 26]
 |   |   |   |- Guid:9921FDEA42908382F640F78E86B9FA66 BaseClass: NativeClass:/Script/Engine.TargetPoint Name:TargetPoint_UAID_9C6B0058C1E3BAE502_2118256079 Label:TargetPoint7 SpatiallyLoaded:1 Bounds:IsValid=true, Min=(X=-2000.000 Y=200.000 Z=450.000), Max=(X=-2000.000 Y=200.000 Z=450.000) RuntimeGrid:None EditorOnly:0 RuntimeOnly:0 HLODRelevant:0 ListedInSceneOutliner:1 IsMainWorldOnly:0 FolderPath:TargetPointList FolderGuid:A0DE11514DB2223E2F6180AEDC242D70
 |   |   |- [+] [ 27]
 |   |   |   |- Guid:A186097444E98556111F958F89F89F3D BaseClass:/Game/Animated_Nebulas_Starter_Pack/Planet_System/Blueprints/BP_Star_Dome.BP_Star_Dome_C NativeClass:/Script/Engine.Actor Name:BP_Star_Dome_C_UAID_9C6B0058C1E3EAE702_1596522615 Label:BP_Star_Dome SpatiallyLoaded:1 Bounds:IsValid=true, Min=(X=-100.000 Y=400.000 Z=-100.000), Max=(X=-100.000 Y=400.000 Z=-100.000) RuntimeGrid:None EditorOnly:0 RuntimeOnly:0 HLODRelevant:0 ListedInSceneOutliner:1 IsMainWorldOnly:0
 |   |   |- [+] [ 28]
 |   |   |   |- Guid:A696E13545FADBEFD1F31489DB7328C5 BaseClass: NativeClass:/Script/Engine.TargetPoint Name:TargetPoint_UAID_9C6B0058C1E3BAE502_2123809085 Label:TargetPoint13 SpatiallyLoaded:1 Bounds:IsValid=true, Min=(X=-2500.000 Y=0.000 Z=450.000), Max=(X=-2500.000 Y=0.000 Z=450.000) RuntimeGrid:None EditorOnly:0 RuntimeOnly:0 HLODRelevant:0 ListedInSceneOutliner:1 IsMainWorldOnly:0 FolderPath:TargetPointList FolderGuid:A0DE11514DB2223E2F6180AEDC242D70
 |   |   |- [+] [ 29]
 |   |   |   |- Guid:AA2B3ECA4F45D1C3243F69999DE62848 BaseClass: NativeClass:/Script/Engine.TargetPoint Name:TargetPoint_UAID_9C6B0058C1E3BAE502_2132943094 Label:TargetPoint22 SpatiallyLoaded:1 Bounds:IsValid=true, Min=(X=-2000.000 Y=-1300.000 Z=450.000), Max=(X=-2000.000 Y=-1300.000 Z=450.000) RuntimeGrid:None EditorOnly:0 RuntimeOnly:0 HLODRelevant:0 ListedInSceneOutliner:1 IsMainWorldOnly:0 FolderPath:TargetPointList FolderGuid:A0DE11514DB2223E2F6180AEDC242D70
 |   |   |- [+] [ 30]
 |   |   |   |- Guid:AAAC6B5742760A58C2206DB37E44683C BaseClass: NativeClass:/Script/Engine.DirectionalLight Name:DirectionalLight_UAID_A85E45CFE40401D200_1470382761 Label:DirectionalLight SpatiallyLoaded:0 Bounds:Invalid RuntimeGrid:None EditorOnly:0 RuntimeOnly:0 HLODRelevant:0 ListedInSceneOutliner:1 IsMainWorldOnly:1 FolderPath:Lighting FolderGuid:B7E9BD5B45A652654791988DEF54CCEB
 |   |   |- [+] [ 31]
 |   |   |   |- Guid:B91422BD4FD00A4074D0ACBB8598FF1F BaseClass: NativeClass:/Script/Engine.TargetPoint Name:TargetPoint_UAID_9C6B0058C1E3BAE502_2132944095 Label:TargetPoint23 SpatiallyLoaded:1 Bounds:IsValid=true, Min=(X=-2500.000 Y=-1000.000 Z=450.000), Max=(X=-2500.000 Y=-1000.000 Z=450.000) RuntimeGrid:None EditorOnly:0 RuntimeOnly:0 HLODRelevant:0 ListedInSceneOutliner:1 IsMainWorldOnly:0 FolderPath:TargetPointList FolderGuid:A0DE11514DB2223E2F6180AEDC242D70
 |   |   |- [+] [ 32]
 |   |   |   |- Guid:BCF7F0E6430F6929AEE32BBABC9D224D BaseClass: NativeClass:/Script/Engine.TargetPoint Name:TargetPoint_UAID_9C6B0058C1E3BAE502_2111214077 Label:TargetPoint5 SpatiallyLoaded:1 Bounds:IsValid=true, Min=(X=-3500.000 Y=1000.000 Z=450.000), Max=(X=-3500.000 Y=1000.000 Z=450.000) RuntimeGrid:None EditorOnly:0 RuntimeOnly:0 HLODRelevant:0 ListedInSceneOutliner:1 IsMainWorldOnly:0 FolderPath:TargetPointList FolderGuid:A0DE11514DB2223E2F6180AEDC242D70
 |   |   |- [+] [ 33]
 |   |   |   |- Guid:C79A17F646004C9B9C9483BDABB63391 BaseClass: NativeClass:/Script/Engine.TargetPoint Name:TargetPoint_UAID_9C6B0058C1E3BAE502_2123806083 Label:TargetPoint11 SpatiallyLoaded:1 Bounds:IsValid=true, Min=(X=-1500.000 Y=0.000 Z=450.000), Max=(X=-1500.000 Y=0.000 Z=450.000) RuntimeGrid:None EditorOnly:0 RuntimeOnly:0 HLODRelevant:0 ListedInSceneOutliner:1 IsMainWorldOnly:0 FolderPath:TargetPointList FolderGuid:A0DE11514DB2223E2F6180AEDC242D70
 |   |   |- [+] [ 34]
 |   |   |   |- Guid:CDCE837C446CE682C37C3F81DD26F970 BaseClass: NativeClass:/Script/Engine.TargetPoint Name:TargetPoint_UAID_9C6B0058C1E3BAE502_2085604075 Label:TargetPoint3 SpatiallyLoaded:1 Bounds:IsValid=true, Min=(X=-2500.000 Y=1000.000 Z=450.000), Max=(X=-2500.000 Y=1000.000 Z=450.000) RuntimeGrid:None EditorOnly:0 RuntimeOnly:0 HLODRelevant:0 ListedInSceneOutliner:1 IsMainWorldOnly:0 FolderPath:TargetPointList FolderGuid:A0DE11514DB2223E2F6180AEDC242D70
 |   |   |- [+] [ 35]
 |   |   |   |- Guid:D3FB7383421AAEFD3DB6F8B1E415A9FE BaseClass: NativeClass:/Script/Engine.ExponentialHeightFog Name:ExponentialHeightFog_UAID_A85E45CFE40401D200_1470382763 Label:ExponentialHeightFog SpatiallyLoaded:0 Bounds:IsValid=true, Min=(X=-5600.000 Y=-50.000 Z=-6850.000), Max=(X=-5600.000 Y=-50.000 Z=-6850.000) RuntimeGrid:None EditorOnly:0 RuntimeOnly:0 HLODRelevant:0 ListedInSceneOutliner:1 IsMainWorldOnly:0 FolderPath:Lighting FolderGuid:B7E9BD5B45A652654791988DEF54CCEB
 |   |   |- [+] [ 36]
 |   |   |   |- Guid:D7B36597423E8056BE224FAF1EF328DC BaseClass: NativeClass:/Script/Engine.TargetPoint Name:TargetPoint_UAID_9C6B0058C1E3BAE502_2138037100 Label:TargetPoint28 SpatiallyLoaded:1 Bounds:IsValid=true, Min=(X=-2500.000 Y=-1500.000 Z=450.000), Max=(X=-2500.000 Y=-1500.000 Z=450.000) RuntimeGrid:None EditorOnly:0 RuntimeOnly:0 HLODRelevant:0 ListedInSceneOutliner:1 IsMainWorldOnly:0 FolderPath:TargetPointList FolderGuid:A0DE11514DB2223E2F6180AEDC242D70
 |   |   |- [+] [ 37]
 |   |   |   |- Guid:DCF6DBE04AAC9033A232F198147B4178 BaseClass: NativeClass:/Script/Engine.TargetPoint Name:TargetPoint_UAID_9C6B0058C1E3BAE502_2128360092 Label:TargetPoint20 SpatiallyLoaded:1 Bounds:IsValid=true, Min=(X=-3500.000 Y=-500.000 Z=450.000), Max=(X=-3500.000 Y=-500.000 Z=450.000) RuntimeGrid:None EditorOnly:0 RuntimeOnly:0 HLODRelevant:0 ListedInSceneOutliner:1 IsMainWorldOnly:0 FolderPath:TargetPointList FolderGuid:A0DE11514DB2223E2F6180AEDC242D70
 |   |   |- [+] [ 38]
 |   |   |   |- Guid:DF03F8234D2F950108D746886E7E7540 BaseClass: NativeClass:/Script/Engine.TargetPoint Name:TargetPoint_UAID_9C6B0058C1E3BAE502_2123808084 Label:TargetPoint12 SpatiallyLoaded:1 Bounds:IsValid=true, Min=(X=-2000.000 Y=-300.000 Z=450.000), Max=(X=-2000.000 Y=-300.000 Z=450.000) RuntimeGrid:None EditorOnly:0 RuntimeOnly:0 HLODRelevant:0 ListedInSceneOutliner:1 IsMainWorldOnly:0 FolderPath:TargetPointList FolderGuid:A0DE11514DB2223E2F6180AEDC242D70
 |   |   |- [+] [ 39]
 |   |   |   |- Guid:EA51F0704B860526C14CA5A99FD568BD BaseClass: NativeClass:/Script/Engine.TargetPoint Name:TargetPoint_UAID_9C6B0058C1E3BAE502_2081098074 Label:TargetPoint2 SpatiallyLoaded:1 Bounds:IsValid=true, Min=(X=-2000.000 Y=700.000 Z=450.000), Max=(X=-2000.000 Y=700.000 Z=450.000) RuntimeGrid:None EditorOnly:0 RuntimeOnly:0 HLODRelevant:0 ListedInSceneOutliner:1 IsMainWorldOnly:0 FolderPath:TargetPointList FolderGuid:A0DE11514DB2223E2F6180AEDC242D70
 |   |   |- [+] [ 40]
 |   |   |   |- Guid:EE10F8254C582667D8523D8E516D4F52 BaseClass: NativeClass:/Script/Engine.TargetPoint Name:TargetPoint_UAID_9C6B0058C1E3BAE502_2138037101 Label:TargetPoint29 SpatiallyLoaded:1 Bounds:IsValid=true, Min=(X=-3000.000 Y=-1250.000 Z=450.000), Max=(X=-3000.000 Y=-1250.000 Z=450.000) RuntimeGrid:None EditorOnly:0 RuntimeOnly:0 HLODRelevant:0 ListedInSceneOutliner:1 IsMainWorldOnly:0 FolderPath:TargetPointList FolderGuid:A0DE11514DB2223E2F6180AEDC242D70
 |   |   |- [+] [ 41]
 |   |   |   |- Guid:FEB91E084274EDD998CBAFB05C8B3517 BaseClass: NativeClass:/Script/Engine.TargetPoint Name:TargetPoint_UAID_9C6B0058C1E3BAE502_2118257080 Label:TargetPoint8 SpatiallyLoaded:1 Bounds:IsValid=true, Min=(X=-2500.000 Y=500.000 Z=450.000), Max=(X=-2500.000 Y=500.000 Z=450.000) RuntimeGrid:None EditorOnly:0 RuntimeOnly:0 HLODRelevant:0 ListedInSceneOutliner:1 IsMainWorldOnly:0 FolderPath:TargetPointList FolderGuid:A0DE11514DB2223E2F6180AEDC242D70
 |- ContainerInstances:
 |- [+] MainContainer:
 |   |-        ID: 00000000000000000000000000000000
 |   |-  ParentID: 00000000000000000000000000000000
 |   |-    Bounds: IsValid=true, Min=(X=-10887.198 Y=-8487.349 Z=-8087.500), Max=(X=5287.198 Y=7687.349 Z=8087.500)
 |   |- Transform: 0.000000,0.000000,0.000000|0.000000,0.000000,-0.000000|1.000000,1.000000,1.000000
 |   |- Container: /Game/Levels/MenuLevel
